- Pascal-FC for IBM PC compatibles - 
- GNU Compiler Version P5.2

G L Davies  &  A Burns, University of York

Compiler listing

    1     0 program UnoDosV2;
    2     0 var i:integer;
    3     0 process type proceso (s:integer);
    4     0 begin
    5     0  for i:=1 to 100 do
    6     4  begin
    7     4   writeln(s);
    8     7  end;
    9     8 end;
   10     9 var p1,p2: proceso;
   11     9 begin
   12     9  writeln('Inicio 1 y 2');
   13    12  cobegin 
   14    13   p1(1);
   15    18   p2(2);
   16    23  coend;
   17    24  writeln('Final');
   18    27 end.



Symbol table

    name       link      objekt       type         ref      nrm  lev  adr  aux

 45 _main        44     procedure   notyp           2      True    0    9    0
 46 any           0     variable    synch           0      True    1    5    0
 47 i            46     variable    integer         0      True    1    5    0
 48 proceso      47     type id     process         3      True    1    0    0
 49 s             0     variable    integer         0      True    2    5    0
 50 p1           48     variable    process         3      True    1    6    0
 51 p2           50     variable    process         3      True    1    7    0

Generated P-code

    0     ldadr        1         5          ;4
    1     ldcon.i      0         1          ;5
    2     ldcon.i      0       100          ;5
    3     for1u.i      0         8          ;5
    4     ldval.i      2         5          ;7
    5     wrval.i      0         0          ;7
    6     wrlin        0         0          ;7
    7     for2u.i      0         4          ;7
    8     rproc        1         0          ;8
    9     ldcon.i      0        12          ;12
   10     wrstr        0         0          ;12
   11     wrlin        0         0          ;12
   12     cobeg        0         0          ;12
   13     mkstk        1        48          ;13
   14     ldadr        1         6          ;13
   15     procv        0         0          ;13
   16     ldcon.i      0         1          ;14
   17     calls        1         5          ;14
   18     mkstk        1        48          ;14
   19     ldadr        1         7          ;14
   20     procv        0         0          ;14
   21     ldcon.i      0         2          ;15
   22     calls        1         5          ;15
   23     coend        0         0          ;15
   24     ldcon.i      0         5          ;17
   25     wrstr        0        12          ;17
   26     wrlin        0         0          ;17
   27     stopx        0         0          ;17
