- Pascal-FC for IBM PC compatibles - 
- GNU Compiler Version P5.2

G L Davies  &  A Burns, University of York

Compiler listing

    1     0 program SumaMatricesV1;
    2     0 var matA,matB,matC,matSuma: array[1..4, 1..4] of integer;
    3     0     limSupFila, limInfFila, limSupCol, limInfCol: integer;
    4     0 
    5     0 (*Tipo proceso*)
    6     0 process type ProcesoSumaMatrices(limInfFila,limSupFila,limInfCol,limSupCol: integer);
    7     0 var i,j:integer;
    8     0 begin
    9     0     for i:= limInfFila to limSupFila do
   10     4         for j:= limInfCol to limSupCol do
   11     8         begin
   12     8             matSuma[i,j] := matA[i,j] + matB[i,j] + matC[i,j];
   13    34         end;
   14    36 end;
   15    37 
   16    37 var p1,p2,p3,p4: ProcesoSumaMatrices;
   17    37     i,j: integer;
   18    37 
   19    37 begin
   20    37     for i:=1 to 4 do
   21    41     for j:=1 to 4 do
   22    45         begin
   23    45             matA[i,j] := 1;
   24    52             matB[i,j] := 2;
   25    59             matC[i,j] := 3;
   26    66             matSuma[i,j] := 0;
   27    73         end;
   28    75      cobegin
   29    76           p1(1,1,1,4);
   30    84          p2(2,2,1,4);
   31    92          p3(3,3,1,4);
   32   100          p4(4,4,1,4);
   33   108      coend;
   34   109     for i:=1 to 4 do
   35   113     for j:=1 to 4 do
   36   117         begin
   37   117             writeln('Elemento ',i,',' ,j,' de la matriz Suma: ', matSuma[i,j]);
   38   135         end;
   39   137 end.



Symbol table

    name       link      objekt       type         ref      nrm  lev  adr  aux

 45 _main        44     procedure   notyp           2      True    0   37    0
 46 any           0     variable    synch           0      True    1    5    0
 47 mata         46     variable    array           1      True    1    5    0
 48 matb         47     variable    array           1      True    1   21    0
 49 matc         48     variable    array           1      True    1   37    0
 50 matsuma      49     variable    array           1      True    1   53    0
 51 limsupfila   50     variable    integer         0      True    1   69    0
 52 liminffila   51     variable    integer         0      True    1   70    0
 53 limsupcol    52     variable    integer         0      True    1   71    0
 54 liminfcol    53     variable    integer         0      True    1   72    0
 55 procesosum   54     type id     process         3      True    1    0    0
 56 liminffila    0     variable    integer         0      True    2    5    0
 57 limsupfila   56     variable    integer         0      True    2    6    0
 58 liminfcol    57     variable    integer         0      True    2    7    0
 59 limsupcol    58     variable    integer         0      True    2    8    0
 60 i            59     variable    integer         0      True    2    9    0
 61 j            60     variable    integer         0      True    2   10    0
 62 p1           55     variable    process         3      True    1   73    0
 63 p2           62     variable    process         3      True    1   74    0
 64 p3           63     variable    process         3      True    1   75    0
 65 p4           64     variable    process         3      True    1   76    0
 66 i            65     variable    integer         0      True    1   77    0
 67 j            66     variable    integer         0      True    1   78    0

Generated P-code

    0     ldadr        2         9          ;8
    1     ldval.i      2         5          ;9
    2     ldval.i      2         6          ;9
    3     for1u.i      0        36          ;9
    4     ldadr        2        10          ;9
    5     ldval.i      2         7          ;10
    6     ldval.i      2         8          ;10
    7     for1u.i      0        35          ;10
    8     ldadr        1        53          ;11
    9     ldval.i      2         9          ;12
   10     ixary.i      0         1          ;12
   11     ldval.i      2        10          ;12
   12     ixary.i      0         2          ;12
   13     ldadr        1         5          ;12
   14     ldval.i      2         9          ;12
   15     ixary.i      0         1          ;12
   16     ldval.i      2        10          ;12
   17     ixary.i      0         2          ;12
   18     rpadr.i      0         0          ;12
   19     ldadr        1        21          ;12
   20     ldval.i      2         9          ;12
   21     ixary.i      0         1          ;12
   22     ldval.i      2        10          ;12
   23     ixary.i      0         2          ;12
   24     rpadr.i      0         0          ;12
   25     addop.i      0         0          ;12
   26     ldadr        1        37          ;12
   27     ldval.i      2         9          ;12
   28     ixary.i      0         1          ;12
   29     ldval.i      2        10          ;12
   30     ixary.i      0         2          ;12
   31     rpadr.i      0         0          ;12
   32     addop.i      0         0          ;12
   33     store.i      0         0          ;12
   34     for2u.i      0         8          ;12
   35     for2u.i      0         4          ;12
   36     rproc        1         0          ;13
   37     ldadr        1        77          ;19
   38     ldcon.i      0         1          ;20
   39     ldcon.i      0         4          ;20
   40     for1u.i      0        75          ;20
   41     ldadr        1        78          ;20
   42     ldcon.i      0         1          ;21
   43     ldcon.i      0         4          ;21
   44     for1u.i      0        74          ;21
   45     ldadr        1         5          ;22
   46     ldval.i      1        77          ;23
   47     ixary.i      0         1          ;23
   48     ldval.i      1        78          ;23
   49     ixary.i      0         2          ;23
   50     ldcon.i      0         1          ;23
   51     store.i      0         0          ;23
   52     ldadr        1        21          ;23
   53     ldval.i      1        77          ;24
   54     ixary.i      0         1          ;24
   55     ldval.i      1        78          ;24
   56     ixary.i      0         2          ;24
   57     ldcon.i      0         2          ;24
   58     store.i      0         0          ;24
   59     ldadr        1        37          ;24
   60     ldval.i      1        77          ;25
   61     ixary.i      0         1          ;25
   62     ldval.i      1        78          ;25
   63     ixary.i      0         2          ;25
   64     ldcon.i      0         3          ;25
   65     store.i      0         0          ;25
   66     ldadr        1        53          ;25
   67     ldval.i      1        77          ;26
   68     ixary.i      0         1          ;26
   69     ldval.i      1        78          ;26
   70     ixary.i      0         2          ;26
   71     ldcon.i      0         0          ;26
   72     store.i      0         0          ;26
   73     for2u.i      0        45          ;26
   74     for2u.i      0        41          ;26
   75     cobeg        0         0          ;27
   76     mkstk        1        55          ;28
   77     ldadr        1        73          ;28
   78     procv        0         0          ;28
   79     ldcon.i      0         1          ;29
   80     ldcon.i      0         1          ;29
   81     ldcon.i      0         1          ;29
   82     ldcon.i      0         4          ;29
   83     calls        1         8          ;29
   84     mkstk        1        55          ;29
   85     ldadr        1        74          ;29
   86     procv        0         0          ;29
   87     ldcon.i      0         2          ;30
   88     ldcon.i      0         2          ;30
   89     ldcon.i      0         1          ;30
   90     ldcon.i      0         4          ;30
   91     calls        1         8          ;30
   92     mkstk        1        55          ;30
   93     ldadr        1        75          ;30
   94     procv        0         0          ;30
   95     ldcon.i      0         3          ;31
   96     ldcon.i      0         3          ;31
   97     ldcon.i      0         1          ;31
   98     ldcon.i      0         4          ;31
   99     calls        1         8          ;31
  100     mkstk        1        55          ;31
  101     ldadr        1        76          ;31
  102     procv        0         0          ;31
  103     ldcon.i      0         4          ;32
  104     ldcon.i      0         4          ;32
  105     ldcon.i      0         1          ;32
  106     ldcon.i      0         4          ;32
  107     calls        1         8          ;32
  108     coend        0         0          ;32
  109     ldadr        1        77          ;33
  110     ldcon.i      0         1          ;34
  111     ldcon.i      0         4          ;34
  112     for1u.i      0       137          ;34
  113     ldadr        1        78          ;34
  114     ldcon.i      0         1          ;35
  115     ldcon.i      0         4          ;35
  116     for1u.i      0       136          ;35
  117     ldcon.i      0         9          ;37
  118     wrstr        0         0          ;37
  119     ldval.i      1        77          ;37
  120     wrval.i      0         0          ;37
  121     ldcon.c      0        44          ;37
  122     wrval.c      0         0          ;37
  123     ldval.i      1        78          ;37
  124     wrval.i      0         0          ;37
  125     ldcon.i      0        20          ;37
  126     wrstr        0         9          ;37
  127     ldadr        1        53          ;37
  128     ldval.i      1        77          ;37
  129     ixary.i      0         1          ;37
  130     ldval.i      1        78          ;37
  131     ixary.i      0         2          ;37
  132     rpadr.i      0         0          ;37
  133     wrval.i      0         0          ;37
  134     wrlin        0         0          ;37
  135     for2u.i      0       117          ;37
  136     for2u.i      0       113          ;37
  137     stopx        0         0          ;38
