- Pascal-FC for IBM PC compatibles - 
- GNU Compiler Version P5.2

G L Davies  &  A Burns, University of York

Compiler listing

    1     0 program if2;
    2     0 var
    3     0  numero:integer;
    4     0 begin
    5     0  writeln('Escriba un numero');
    6     3  readln(numero);
    7     6  if numero<0 then
    8    10   writeln('El numero es negativo')
    9    12  else
   10    13   writeln('El numero es positivo')
   11    16 end.



Symbol table

    name       link      objekt       type         ref      nrm  lev  adr  aux

 45 _main        44     procedure   notyp           2      True    0    0    0
 46 any           0     variable    synch           0      True    1    5    0
 47 numero       46     variable    integer         0      True    1    5    0

Generated P-code

    0     ldcon.i      0        17          ;5
    1     wrstr        0         0          ;5
    2     wrlin        0         0          ;5
    3     ldadr        1         5          ;6
    4     rdinp.i      0         0          ;6
    5     rdlin        0         0          ;6
    6     ldval.i      1         5          ;7
    7     ldcon.i      0         0          ;7
    8     rellt.i      0         0          ;7
    9     jmpiz        0        14          ;7
   10     ldcon.i      0        21          ;8
   11     wrstr        0        17          ;8
   12     wrlin        0         0          ;8
   13     jmpuc        0        17          ;8
   14     ldcon.i      0        21          ;10
   15     wrstr        0        38          ;10
   16     wrlin        0         0          ;10
   17     stopx        0         0          ;10
