- Pascal-FC for IBM PC compatibles - 
- GNU Compiler Version P5.2

G L Davies  &  A Burns, University of York

Compiler listing

    1     0 program Caracteres2;
    2     0 var
    3     0  letra1, letra2:char;
    4     0 begin
    5     0  write('Dime un letra:');
    6     2  readln(letra1);
    7     5  letra2:='z';
    8     8  writeln('Tu letra es: ', letra1, ' y la mia: ', letra2);
    9    17 end.



Symbol table

    name       link      objekt       type         ref      nrm  lev  adr  aux

 45 _main        44     procedure   notyp           2      True    0    0    0
 46 any           0     variable    synch           0      True    1    5    0
 47 letra1       46     variable    char            0      True    1    5    0
 48 letra2       47     variable    char            0      True    1    6    0

Generated P-code

    0     ldcon.i      0        14          ;5
    1     wrstr        0         0          ;5
    2     ldadr        1         5          ;6
    3     rdinp.c      0         0          ;6
    4     rdlin        0         0          ;6
    5     ldadr        1         6          ;6
    6     ldcon.c      0       122          ;7
    7     store.c      0         0          ;7
    8     ldcon.i      0        13          ;8
    9     wrstr        0        14          ;8
   10     ldval.c      1         5          ;8
   11     wrval.c      0         0          ;8
   12     ldcon.i      0        11          ;8
   13     wrstr        0        27          ;8
   14     ldval.c      1         6          ;8
   15     wrval.c      0         0          ;8
   16     wrlin        0         0          ;8
   17     stopx        0         0          ;8
