- Pascal-FC for IBM PC compatibles - 
- GNU Compiler Version P5.2

G L Davies  &  A Burns, University of York

Compiler listing

    1     0 program Caracteres;
    2     0 var
    3     0  letra1, letra2:char;
    4     0 begin
    5     0  write('Dime una letra:');
    6     2  readln(letra1);
    7     5  write('Dime otra letra:');
    8     7  readln(letra2);
    9    10  writeln('las letras eran ', letra1, ' y ', letra2);
   10    19 end.



Symbol table

    name       link      objekt       type         ref      nrm  lev  adr  aux

 45 _main        44     procedure   notyp           2      True    0    0    0
 46 any           0     variable    synch           0      True    1    5    0
 47 letra1       46     variable    char            0      True    1    5    0
 48 letra2       47     variable    char            0      True    1    6    0

Generated P-code

    0     ldcon.i      0        15          ;5
    1     wrstr        0         0          ;5
    2     ldadr        1         5          ;6
    3     rdinp.c      0         0          ;6
    4     rdlin        0         0          ;6
    5     ldcon.i      0        16          ;7
    6     wrstr        0        15          ;7
    7     ldadr        1         6          ;8
    8     rdinp.c      0         0          ;8
    9     rdlin        0         0          ;8
   10     ldcon.i      0        16          ;9
   11     wrstr        0        31          ;9
   12     ldval.c      1         5          ;9
   13     wrval.c      0         0          ;9
   14     ldcon.i      0         3          ;9
   15     wrstr        0        47          ;9
   16     ldval.c      1         6          ;9
   17     wrval.c      0         0          ;9
   18     wrlin        0         0          ;9
   19     stopx        0         0          ;9
