- Pascal-FC for IBM PC compatibles - 
- GNU Compiler Version P5.2

G L Davies  &  A Burns, University of York

Compiler listing

    1     0 program multiplo;
    2     0 var
    3     0     numero: integer;
    4     0 begin
    5     0     write('Ingrese un numero: ');
    6     2     readln(numero);
    7     5     if numero mod 5 = 0 then
    8    11         writeln('Es multiplo de 5')
    9    13     else
   10    14         writeln('No es multiplo de 5');
   11    18 end.



Symbol table

    name       link      objekt       type         ref      nrm  lev  adr  aux

 45 _main        44     procedure   notyp           2      True    0    0    0
 46 any           0     variable    synch           0      True    1    5    0
 47 numero       46     variable    integer         0      True    1    5    0

Generated P-code

    0     ldcon.i      0        19          ;5
    1     wrstr        0         0          ;5
    2     ldadr        1         5          ;6
    3     rdinp.i      0         0          ;6
    4     rdlin        0         0          ;6
    5     ldval.i      1         5          ;7
    6     ldcon.i      0         5          ;7
    7     modop.i      0         0          ;7
    8     ldcon.i      0         0          ;7
    9     releq.i      0         0          ;7
   10     jmpiz        0        15          ;7
   11     ldcon.i      0        16          ;8
   12     wrstr        0        19          ;8
   13     wrlin        0         0          ;8
   14     jmpuc        0        18          ;8
   15     ldcon.i      0        19          ;10
   16     wrstr        0        35          ;10
   17     wrlin        0         0          ;10
   18     stopx        0         0          ;10
